.
./target
./target/test-classes
./target/test-classes/com
./target/test-classes/com/mycompany
./target/test-classes/com/mycompany/app
./target/test-classes/com/mycompany/app/AppTest.class
./target/classes
./target/classes/com
./target/classes/com/mycompany
./target/classes/com/mycompany/app
./target/classes/com/mycompany/app/App.class
./pom.xml
./README.md
./.gitignore
./.github
./.github/dependabot.yml
./.gitattributes
./jenkins
./jenkins/scripts
./jenkins/scripts/deliver.sh
./jenkins/Jenkinsfile
./.git
./.git/config
./.git/objects
./.git/objects/pack
./.git/objects/pack/pack-3f20340b89135f3e192f29e55ee9f47669b6150a.idx
./.git/objects/pack/pack-3f20340b89135f3e192f29e55ee9f47669b6150a.pack
./.git/objects/info
./.git/HEAD
./.git/info
./.git/info/exclude
./.git/logs
./.git/logs/HEAD
./.git/logs/refs
./.git/logs/refs/heads
./.git/logs/refs/heads/master
./.git/logs/refs/remotes
./.git/description
./.git/hooks
./.git/hooks/commit-msg.sample
./.git/hooks/pre-rebase.sample
./.git/hooks/pre-commit.sample
./.git/hooks/applypatch-msg.sample
./.git/hooks/fsmonitor-watchman.sample
./.git/hooks/pre-receive.sample
./.git/hooks/prepare-commit-msg.sample
./.git/hooks/post-update.sample
./.git/hooks/pre-merge-commit.sample
./.git/hooks/pre-applypatch.sample
./.git/hooks/pre-push.sample
./.git/hooks/update.sample
./.git/hooks/push-to-checkout.sample
./.git/refs
./.git/refs/heads
./.git/refs/heads/master
./.git/refs/tags
./.git/refs/remotes
./.git/index
./.git/packed-refs
./src
./src/test
./src/test/java
./src/test/java/com
./src/test/java/com/mycompany
./src/test/java/com/mycompany/app
./src/test/java/com/mycompany/app/AppTest.java
./src/main
./src/main/java
./src/main/java/com
./src/main/java/com/mycompany
./src/main/java/com/mycompany/app
./src/main/java/com/mycompany/app/App.java
